Welcome to Cloud Shell! Type "help" to get started.
Your Cloud Platform project in this session is set to qwiklabs-gcp-02-ae120751c81e.
Use “gcloud config set project [PROJECT_ID]” to change to a different project.
student_02_2bce207519d8@cloudshell:~ (qwiklabs-gcp-02-ae120751c81e)$ gcloud auth list
           Credentialed Accounts
ACTIVE  ACCOUNT
*       student-02-2bce207519d8@qwiklabs.net
To set the active account, run:
    $ gcloud config set account `ACCOUNT`
student_02_2bce207519d8@cloudshell:~ (qwiklabs-gcp-02-ae120751c81e)$ gcloud config list project
[core]
project = qwiklabs-gcp-02-ae120751c81e
Your active configuration is: [cloudshell-32258]
student_02_2bce207519d8@cloudshell:~ (qwiklabs-gcp-02-ae120751c81e)$ gcloud components install app-engine-python
ERROR: (gcloud.components.install)
You cannot perform this action because the Cloud SDK component manager
is disabled for this installation. You can run the following command
to achieve the same result for this installation:
sudo apt-get install google-cloud-sdk-app-engine-python
student_02_2bce207519d8@cloudshell:~ (qwiklabs-gcp-02-ae120751c81e)$ gcloud app create --project=$DEVSHELL_PROJECT_ID
You are creating an app for project [qwiklabs-gcp-02-ae120751c81e].
WARNING: Creating an App Engine application for a project is irreversible and the region
cannot be changed. More information about regions is at
<https://cloud.google.com/appengine/docs/locations>.
Please choose the region where you want your App Engine application
located:
 [1] asia-east2    (supports standard and flexible)
 [2] asia-northeast1 (supports standard and flexible)
 [3] asia-northeast2 (supports standard and flexible)
 [4] asia-northeast3 (supports standard and flexible)
 [5] asia-south1   (supports standard and flexible)
 [6] australia-southeast1 (supports standard and flexible)
 [7] europe-west   (supports standard and flexible)
 [8] europe-west2  (supports standard and flexible)
 [9] europe-west3  (supports standard and flexible)
 [10] europe-west6  (supports standard and flexible)
 [11] northamerica-northeast1 (supports standard and flexible)
 [12] southamerica-east1 (supports standard and flexible)
 [13] us-central    (supports standard and flexible)
 [14] us-east1      (supports standard and flexible)
 [15] us-east4      (supports standard and flexible)
 [16] us-west2      (supports standard and flexible)
 [17] us-west3      (supports standard and flexible)
 [18] us-west4      (supports standard and flexible)
 [19] cancel
Please enter your numeric choice:  1
Creating App Engine application in project [qwiklabs-gcp-02-ae120751c81e] and region [asia-east2]....done.
Success! The app is now created. Please use `gcloud app deploy` to deploy your first app.
student_02_2bce207519d8@cloudshell:~ (qwiklabs-gcp-02-ae120751c81e)$ git clone https://github.com/GoogleCloudPlatform/python-docs-samples
Cloning into 'python-docs-samples'...
remote: Enumerating objects: 126, done.
remote: Counting objects: 100% (126/126), done.
remote: Compressing objects: 100% (103/103), done.
remote: Total 31357 (delta 48), reused 43 (delta 14), pack-reused 31231
Receiving objects: 100% (31357/31357), 39.80 MiB | 9.07 MiB/s, done.
Resolving deltas: 100% (16793/16793), done.
student_02_2bce207519d8@cloudshell:~ (qwiklabs-gcp-02-ae120751c81e)$ cd python-docs-samples/appengine/standard_python37/hello_world
student_02_2bce207519d8@cloudshell:~/python-docs-samples/appengine/standard_python37/hello_world (qwiklabs-gcp-02-ae120751c81e)$ sudo apt-get update
********************************************************************************
You are running apt-get inside of Cloud Shell. Note that your Cloud Shell
machine is ephemeral and no system-wide change will persist beyond session end.
To suppress this warning, create an empty ~/.cloudshell/no-apt-get-warning file.
The command will automatically proceed in 5 seconds or on any key.
Visit https://cloud.google.com/shell/help for more information.
********************************************************************************
Ign:1 http://deb.debian.org/debian stretch InRelease
Get:2 http://deb.debian.org/debian stretch-updates InRelease [91.0 kB]                                                            
Hit:3 http://repo.mysql.com/apt/debian stretch InRelease
Get:4 http://security.debian.org/debian-security stretch/updates InRelease [94.3 kB]                                          
Hit:5 http://storage.googleapis.com/bazel-apt stable InRelease
Hit:6 http://packages.cloud.google.com/apt gcsfuse-stretch InRelease 
Hit:7 http://deb.debian.org/debian stretch Release
Hit:8 https://packages.microsoft.com/repos/microsoft-debian-stretch-prod stretch InRelease
Hit:9 https://download.docker.com/linux/debian stretch InRelease
Hit:10 https://apt.llvm.org/stretch llvm-toolchain-stretch-9 InRelease
Err:12 https://packages.cloud.google.com/apt cloud-sdk-stretch InRelease
  Could not resolve host: packages.cloud.google.com
Ign:13 http://ftp.debian.org/debian jessie InRelease
Get:14 https://packages.sury.org/php stretch InRelease [6,760 B]
Get:15 https://packages.sury.org/php stretch/main amd64 Packages [136 kB]
Ign:16 http://ftp.debian.org/debian stretch InRelease   
Get:17 http://ftp.debian.org/debian stretch-backports InRelease [91.8 kB]
Get:18 http://ftp.debian.org/debian stretch-updates InRelease [91.0 kB]                                             
Reading package lists... Done
W: Failed to fetch https://packages.cloud.google.com/apt/dists/cloud-sdk-stretch/InRelease  Could not resolve host: packages.cloud.google.com
W: Some index files failed to download. They have been ignored, or old ones used instead.
student_02_2bce207519d8@cloudshell:~/python-docs-samples/appengine/standard_python37/hello_world (qwiklabs-gcp-02-ae120751c81e)$ sudo apt-get install virtualenv
********************************************************************************
You are running apt-get inside of Cloud Shell. Note that your Cloud Shell
machine is ephemeral and no system-wide change will persist beyond session end.
To suppress this warning, create an empty ~/.cloudshell/no-apt-get-warning file.
The command will automatically proceed in 5 seconds or on any key.
Visit https://cloud.google.com/shell/help for more information.
********************************************************************************
Reading package lists... Done
Building dependency tree       
Reading state information... Done
The following additional packages will be installed:
  python3-pkg-resources python3-virtualenv
Suggested packages:
  python3-setuptools
The following NEW packages will be installed:
  python3-pkg-resources python3-virtualenv virtualenv
0 upgraded, 3 newly installed, 0 to remove and 23 not upgraded.
Need to get 214 kB of archives.
After this operation, 694 kB of additional disk space will be used.
Do you want to continue? [Y/n] y
Get:1 http://deb.debian.org/debian stretch/main amd64 python3-pkg-resources all 33.1.1-1 [137 kB]
Get:2 http://deb.debian.org/debian stretch/main amd64 python3-virtualenv all 15.1.0+ds-1 [57.7 kB]
Get:3 http://deb.debian.org/debian stretch/main amd64 virtualenv all 15.1.0+ds-1 [19.7 kB]
Fetched 214 kB in 0s (12.1 MB/s) 
debconf: delaying package configuration, since apt-utils is not installed
Selecting previously unselected package python3-pkg-resources.
(Reading database ... 127130 files and directories currently installed.)
Preparing to unpack .../python3-pkg-resources_33.1.1-1_all.deb ...
Selecting previously unselected package python3-pkg-resources.
(Reading database ... 127130 files and directories currently installed.)
Preparing to unpack .../python3-pkg-resources_33.1.1-1_all.deb ...
Unpacking python3-pkg-resources (33.1.1-1) ...
Selecting previously unselected package python3-virtualenv.
Preparing to unpack .../python3-virtualenv_15.1.0+ds-1_all.deb ...
Unpacking python3-virtualenv (15.1.0+ds-1) ...
Selecting previously unselected package virtualenv.
Preparing to unpack .../virtualenv_15.1.0+ds-1_all.deb ...
Unpacking virtualenv (15.1.0+ds-1) ...
Setting up python3-pkg-resources (33.1.1-1) ...
Setting up python3-virtualenv (15.1.0+ds-1) ...
Processing triggers for man-db (2.7.6.1-2) ...
Setting up virtualenv (15.1.0+ds-1) ...
student_02_2bce207519d8@cloudshell:~/python-docs-samples/appengine/standard_python37/hello_world (qwiklabs-gcp-02-ae120751c81e)$ virtualenv -p python3 venv
created virtual environment CPython3.7.3.final.0-64 in 635ms
  creator CPython3Posix(dest=/home/student_02_2bce207519d8/python-docs-samples/appengine/standard_python37/hello_world/venv, clear=False, global=False)
  seeder FromAppData(download=False, pip=latest, setuptools=latest, wheel=latest, via=copy, app_data_dir=/home/student_02_2bce207519d8/.local/share/virtualenv/seed-app-data/v1.0.1)
  activators BashActivator,CShellActivator,FishActivator,PowerShellActivator,PythonActivator,XonshActivator
student_02_2bce207519d8@cloudshell:~/python-docs-samples/appengine/standard_python37/hello_world (qwiklabs-gcp-02-ae120751c81e)$ source venv/bin/activate
(venv) student_02_2bce207519d8@cloudshell:~/python-docs-samples/appengine/standard_python37/hello_world (qwiklabs-gcp-02-ae120751c81e)$ pip install  -r requirements.txt
Collecting Flask==1.1.2
  Downloading Flask-1.1.2-py2.py3-none-any.whl (94 kB)
     |¦¦¦¦¦¦¦¦¦¦¦¦¦¦¦¦¦¦¦¦¦¦¦¦¦¦¦¦¦¦¦¦| 94 kB 1.7 MB/s
Collecting Jinja2>=2.10.1
  Downloading Jinja2-2.11.2-py2.py3-none-any.whl (125 kB)
     |¦¦¦¦¦¦¦¦¦¦¦¦¦¦¦¦¦¦¦¦¦¦¦¦¦¦¦¦¦¦¦¦| 125 kB 14.0 MB/s
Collecting click>=5.1
  Downloading click-7.1.2-py2.py3-none-any.whl (82 kB)
     |¦¦¦¦¦¦¦¦¦¦¦¦¦¦¦¦¦¦¦¦¦¦¦¦¦¦¦¦¦¦¦¦| 82 kB 1.1 MB/s
Collecting itsdangerous>=0.24
  Downloading itsdangerous-1.1.0-py2.py3-none-any.whl (16 kB)
Collecting Werkzeug>=0.15
  Downloading Werkzeug-1.0.1-py2.py3-none-any.whl (298 kB)
     |¦¦¦¦¦¦¦¦¦¦¦¦¦¦¦¦¦¦¦¦¦¦¦¦¦¦¦¦¦¦¦¦| 298 kB 27.2 MB/s
Collecting MarkupSafe>=0.23
  Downloading MarkupSafe-1.1.1-cp37-cp37m-manylinux1_x86_64.whl (27 kB)
Installing collected packages: MarkupSafe, Jinja2, click, itsdangerous, Werkzeug, Flask
Successfully installed Flask-1.1.2 Jinja2-2.11.2 MarkupSafe-1.1.1 Werkzeug-1.0.1 click-7.1.2 itsdangerous-1.1.0
WARNING: You are using pip version 20.1; however, version 20.1.1 is available.
You should consider upgrading via the '/home/student_02_2bce207519d8/python-docs-samples/appengine/standard_python37/hello_world/venv/bin/python -m pip install --upgrade pip' command.
(venv) student_02_2bce207519d8@cloudshell:~/python-docs-samples/appengine/standard_python37/hello_world(qwiklabs-gcp-02-ae120751c81e)$ python main.py
 * Serving Flask app "main" (lazy loading)
 * Environment: production
   WARNING: This is a development server. Do not use it in a production deployment.
   Use a production WSGI server instead.
 * Debug mode: on
 * Running on http://127.0.0.1:8080/ (Press CTRL+C to quit)
 * Restarting with stat
 * Debugger is active!
 * Debugger PIN: 312-488-964
127.0.0.1 - - [22/May/2020 00:37:13] "GET /?authuser=0 HTTP/1.1" 200 -
127.0.0.1 - - [22/May/2020 00:37:16] "GET /favicon.ico HTTP/1.1" 404 -
^C(venv) student_02_2bce207519d8@cloudshell:~/python-docs-samples/appengine/standard_python37/hello_world (qwiklabs-gcp-02-ae120751c81e)$ cd ~/python-docs-samples/appengine/standard_python37/hel
_world
(venv) student_02_2bce207519d8@cloudshell:~/python-docs-samples/appengine/standard_python37/hello_world (qwiklabs-gcp-02-ae120751c81e)$ gcloud app deploy
Services to deploy:
descriptor:      [/home/student_02_2bce207519d8/python-docs-samples/appengine/standard_python37/hello_world/app.yaml]
source:          [/home/student_02_2bce207519d8/python-docs-samples/appengine/standard_python37/hello_world]
target project:  [qwiklabs-gcp-02-ae120751c81e]
target service:  [default]
target version:  [20200522t003838]
target url:      [https://qwiklabs-gcp-02-ae120751c81e.df.r.appspot.com]
Do you want to continue (Y/n)?  y
Beginning deployment of service [default]...
Created .gcloudignore file. See `gcloud topic gcloudignore` for details.
+------------------------------------------------------------+
¦- Uploading 662 files to Google Cloud Storage              -¦
+------------------------------------------------------------+
File upload done.
Updating service [default]...done.
Setting traffic split for service [default]...done.
Deployed service [default] to [https://qwiklabs-gcp-02-ae120751c81e.df.r.appspot.com]
You can stream logs from the command line by running:
  $ gcloud app logs tail -s default
To view your application in the web browser run:
  $ gcloud app browse
(venv) student_02_2bce207519d8@cloudshell:~/python-docs-samples/appengine/standard_python37/hello_world (qwiklabs-gcp-02-ae120751c81e)$ gcloud app browse
Did not detect your browser. Go to this link to view your app:
https://qwiklabs-gcp-02-ae120751c81e.df.r.appspot.com
(venv) student_02_2bce207519d8@cloudshell:~/python-docs-samples/appengine/standard_python37/hello_world (qwiklabs-gcp-02-ae120751c81e)$